mx/com/tecnomotum/integracionlis/exceptions/RangoFechasException.class
mx/com/tecnomotum/integracionlis/model/RenglonCartaPorte.class
mx/com/tecnomotum/integracionlis/Starter.class
mx/com/tecnomotum/integracionlis/model/HistoricoViaje.class
mx/com/tecnomotum/integracionlis/exceptions/NotFoundException.class
mx/com/tecnomotum/integracionlis/dao/ViajesDAO.class
mx/com/tecnomotum/integracionlis/exceptions/BadRequestException.class
mx/com/tecnomotum/integracionlis/model/KitConfiguracion.class
mx/com/tecnomotum/integracionlis/service/KitConfiguracionService.class
mx/com/tecnomotum/integracionlis/service/RutasService.class
mx/com/tecnomotum/integracionlis/exceptions/FechaFinIncorrectaException.class
mx/com/tecnomotum/integracionlis/service/ViajeService.class
mx/com/tecnomotum/integracionlis/exceptions/FechaFormatoException.class
mx/com/tecnomotum/integracionlis/rest_service/ViajesRestService.class
mx/com/tecnomotum/integracionlis/model/CartaPorte.class
mx/com/tecnomotum/integracionlis/config/AppConfig.class
mx/com/tecnomotum/integracionlis/model/Ruta.class
mx/com/tecnomotum/integracionlis/exceptions/VehiculoNotFoundException.class
mx/com/tecnomotum/integracionlis/rest_service/KitConfiguracionRestService.class
mx/com/tecnomotum/integracionlis/model/Viaje.class
mx/com/tecnomotum/integracionlis/exceptions/VehiculoAlreadyExistsException.class
mx/com/tecnomotum/integracionlis/dao/HibernateUtil.class
mx/com/tecnomotum/integracionlis/rest_service/RutasRestService.class
mx/com/tecnomotum/integracionlis/rs/JaxRsApiApplication.class
mx/com/tecnomotum/integracionlis/model/Punto.class
