/home/carlitos/NetBeansProjects/Swagger-Jetty/IntegracionLIS/src/main/java/mx/com/tecnomotum/integracionlis/Starter.java
/home/carlitos/NetBeansProjects/Swagger-Jetty/IntegracionLIS/src/main/java/mx/com/tecnomotum/integracionlis/config/AppConfig.java
/home/carlitos/NetBeansProjects/Swagger-Jetty/IntegracionLIS/src/main/java/mx/com/tecnomotum/integracionlis/model/RenglonCartaPorte.java
/home/carlitos/NetBeansProjects/Swagger-Jetty/IntegracionLIS/src/main/java/mx/com/tecnomotum/integracionlis/model/Viaje.java
/home/carlitos/NetBeansProjects/Swagger-Jetty/IntegracionLIS/src/main/java/mx/com/tecnomotum/integracionlis/exceptions/NotFoundException.java
/home/carlitos/NetBeansProjects/Swagger-Jetty/IntegracionLIS/src/main/java/mx/com/tecnomotum/integracionlis/service/KitConfiguracionService.java
/home/carlitos/NetBeansProjects/Swagger-Jetty/IntegracionLIS/src/main/java/mx/com/tecnomotum/integracionlis/rest_service/KitConfiguracionRestService.java
/home/carlitos/NetBeansProjects/Swagger-Jetty/IntegracionLIS/src/main/java/mx/com/tecnomotum/integracionlis/exceptions/FechaFormatoException.java
/home/carlitos/NetBeansProjects/Swagger-Jetty/IntegracionLIS/src/main/java/mx/com/tecnomotum/integracionlis/service/RutasService.java
/home/carlitos/NetBeansProjects/Swagger-Jetty/IntegracionLIS/src/main/java/mx/com/tecnomotum/integracionlis/exceptions/RangoFechasException.java
/home/carlitos/NetBeansProjects/Swagger-Jetty/IntegracionLIS/src/main/java/mx/com/tecnomotum/integracionlis/exceptions/BadRequestException.java
/home/carlitos/NetBeansProjects/Swagger-Jetty/IntegracionLIS/src/main/java/mx/com/tecnomotum/integracionlis/model/KitConfiguracion.java
/home/carlitos/NetBeansProjects/Swagger-Jetty/IntegracionLIS/src/main/java/mx/com/tecnomotum/integracionlis/model/Punto.java
/home/carlitos/NetBeansProjects/Swagger-Jetty/IntegracionLIS/src/main/java/mx/com/tecnomotum/integracionlis/rest_service/RutasRestService.java
/home/carlitos/NetBeansProjects/Swagger-Jetty/IntegracionLIS/src/main/java/mx/com/tecnomotum/integracionlis/exceptions/VehiculoAlreadyExistsException.java
/home/carlitos/NetBeansProjects/Swagger-Jetty/IntegracionLIS/src/main/java/mx/com/tecnomotum/integracionlis/dao/HibernateUtil.java
/home/carlitos/NetBeansProjects/Swagger-Jetty/IntegracionLIS/src/main/java/mx/com/tecnomotum/integracionlis/service/ViajeService.java
/home/carlitos/NetBeansProjects/Swagger-Jetty/IntegracionLIS/src/main/java/mx/com/tecnomotum/integracionlis/rest_service/ViajesRestService.java
/home/carlitos/NetBeansProjects/Swagger-Jetty/IntegracionLIS/src/main/java/mx/com/tecnomotum/integracionlis/exceptions/VehiculoNotFoundException.java
/home/carlitos/NetBeansProjects/Swagger-Jetty/IntegracionLIS/src/main/java/mx/com/tecnomotum/integracionlis/dao/ViajesDAO.java
/home/carlitos/NetBeansProjects/Swagger-Jetty/IntegracionLIS/src/main/java/mx/com/tecnomotum/integracionlis/model/Ruta.java
/home/carlitos/NetBeansProjects/Swagger-Jetty/IntegracionLIS/src/main/java/mx/com/tecnomotum/integracionlis/model/HistoricoViaje.java
/home/carlitos/NetBeansProjects/Swagger-Jetty/IntegracionLIS/src/main/java/mx/com/tecnomotum/integracionlis/rs/JaxRsApiApplication.java
/home/carlitos/NetBeansProjects/Swagger-Jetty/IntegracionLIS/src/main/java/mx/com/tecnomotum/integracionlis/model/CartaPorte.java
/home/carlitos/NetBeansProjects/Swagger-Jetty/IntegracionLIS/src/main/java/mx/com/tecnomotum/integracionlis/exceptions/FechaFinIncorrectaException.java
